ASxxxx Linker V03.00 + NoICE + sdld,  page 1.
Hexadecimal  [32-Bits]

Area                                    Addr        Size        Decimal Bytes (Attributes)
--------------------------------        ----        ----        ------- ----- ------------
.  .ABS.                            00000000    00000000 =           0. bytes (ABS,CON)

      Value  Global                              Global Defined In Module
      -----  --------------------------------   ------------------------
     00000000  .__.ABS.                           sprinter
     00000000  l__BSEG                         
     00000000  l__BSS                          
     00000000  l__CABS                         
     00000000  l__DABS                         
     00000000  l__GSINIT                       
     00000000  l__HEADER                       
     00000000  l__HEAP                         
     00000000  l__HOME                         
     00000000  l__INITIALIZED                  
     00000000  l__INITIALIZER                  
     00000000  s__CABS                         
     00000000  s__DABS                         
     00000000  s__HEADER                       
     00000000  s__HEADER0                      
     00000006  l__HEADER0                      
     00000006  s__CODE                         
     00000010  l__GSFINAL                      
     00000E67  l__CODE                         
     00000E6D  s__DATA                         
     00000E97  l__DATA                         
     00001D04  s__GSFINAL                      
     00001D04  s__GSINIT                       
     00001D04  s__HOME                         
     00001D04  s__INITIALIZED                  
     00001D14  s__BSEG                         
     00001D14  s__BSS                          
     00001D14  s__HEAP                         
     00001D14  s__INITIALIZER                  

ASxxxx Linker V03.00 + NoICE + sdld,  page 2.
Hexadecimal  [32-Bits]

Area                                    Addr        Size        Decimal Bytes (Attributes)
--------------------------------        ----        ----        ------- ----- ------------
_CODE                               00000006    00000E67 =        3687. bytes (REL,CON)

      Value  Global                              Global Defined In Module
      -----  --------------------------------   ------------------------
     00000006  _sp_Init                           main
     0000001C  _sp_AttrSet                        main
     00000051  _sp_AttrGet                        main
     0000008A  _sp_TileSet                        main
     000000A9  _sp_PrintAtInv                     main
     000000E7  _sp_GetTiles                       main
     000001A5  _sp_PutTiles                       main
     000002A7  _sp_CreateSpr                      main
     000002AB  _sp_MoveSprAbs                     main
     000002AC  _sp_DeleteSpr                      main
     000002C0  _sp_UpdateNow                      main
     000002C6  _sp_ClearRect                      main
     00000301  _sp_GetKey                         main
     00000311  _sp_SetSpriteClip                  main
     00000366  _sp_HideAllSpr                     main
     00000367  _fases_init                        main
     000004A3  _fases_data                        main
     00000B24  _fade_to_black                     main
     00000B37  _white_pal                         main
     00000B57  _fade_from_black                   main
     00000B6B  _init_vdp                          main
     00000B6C  _screen_enable                     main
     00000B6D  _unpack_screen                     main
     00000B89  _fade_screen                       main
     00000B9B  _make_black                        main
     00000BC9  _fade_out                          main
     00000BD4  _wait_for_a_key                    main
     00000C14  _main                              main
     00000C85  _memset                            sprinter
     00000C9B  _memcpy                            sprinter
     00000CB0  _border                            sprinter
     00000CBE  _vsync                             sprinter
     00000CC1  _joystick                          sprinter
     00000CC4  _keyboard                          sprinter
     00000CCE  _rand16                            sprinter
     00000CEE  _pal_select                        sprinter
     00000CF6  _pal_bright                        sprinter
     00000CFE  _pal_bright16                      sprinter
     00000D0B  _pal_copy                          sprinter
     00000D34  _pal_custom                        sprinter
     00000D62  _draw_tile                         sprinter
     00000D70  _draw_image                        sprinter
     00000D78  _clear_screen                      sprinter
     00000D80  _swap_screen                       sprinter
     00000D83  _add_sprite                        sprinter
     00000E06  _end_sprite                        sprinter
     00000E17  _sprites_clip                      sprinter
     00000E20  _sprites_start                     sprinter
     00000E23  _sprites_stop                      sprinter
     00000E26  _time                              sprinter
ASxxxx Linker V03.00 + NoICE + sdld,  page 3.
Hexadecimal  [32-Bits]

Area                                    Addr        Size        Decimal Bytes (Attributes)
--------------------------------        ----        ----        ------- ----- ------------
_CODE                               00000006    00000E67 =        3687. bytes (REL,CON)

      Value  Global                              Global Defined In Module
      -----  --------------------------------   ------------------------
     00000E32  _delay                             sprinter
     00000E47  _wyz_play_music                    sprinter
     00000E4F  _wyz_play_sound                    sprinter
     00000E59  _wyz_stop_sound                    sprinter
     00000E5C  _fm_sound_on                       sprinter
     00000E65  _tfm_stat                          sprinter
     00000E6A  _quit                              sprinter
ASxxxx Linker V03.00 + NoICE + sdld,  page 4.
Hexadecimal  [32-Bits]

Area                                    Addr        Size        Decimal Bytes (Attributes)
--------------------------------        ----        ----        ------- ----- ------------
_DATA                               00000E6D    00000E97 =        3735. bytes (REL,CON)

      Value  Global                              Global Defined In Module
      -----  --------------------------------   ------------------------
     00000E6D  _sp_tile_buf                       main
     0000116D  _sp_attr_buf                       main
     0000146D  _spriteList                        main
     00001521  _fases                             main
     00001BA2  _warp_palette                      main
     00001BFC  _sprites_pal                       main
     00001C1C  _tilesa_pal                        main
     00001C3C  _tilesb_pal                        main
     00001C5C  _tilesc_pal                        main
     00001C7C  _needed_pal                        main
     00001CFC  _spritesClipValues                 main
     00001D00  _spritesClip                       main
     00001D02  _heap_top                          

ASxxxx Linker V03.00 + NoICE + sdld,  page 5.
Hexadecimal  [32-Bits]

Area                                    Addr        Size        Decimal Bytes (Attributes)
--------------------------------        ----        ----        ------- ----- ------------
_GSINIT                             00001D04    00000000 =           0. bytes (REL,CON)

      Value  Global                              Global Defined In Module
      -----  --------------------------------   ------------------------
     00001D04  gsinit                             

ASxxxx Linker V03.00 + NoICE + sdld,  page 6.
Hexadecimal  [32-Bits]

Area                                    Addr        Size        Decimal Bytes (Attributes)
--------------------------------        ----        ----        ------- ----- ------------
_GSFINAL                            00001D04    00000010 =          16. bytes (REL,CON)

      Value  Global                              Global Defined In Module
      -----  --------------------------------   ------------------------
ASxxxx Linker V03.00 + NoICE + sdld,  page 7.
Hexadecimal  [32-Bits]

Area                                    Addr        Size        Decimal Bytes (Attributes)
--------------------------------        ----        ----        ------- ----- ------------
_HEADER0                            00000000    00000006 =           6. bytes (ABS,CON)

      Value  Global                              Global Defined In Module
      -----  --------------------------------   ------------------------
ASxxxx Linker V03.00 + NoICE + sdld,  page 8.
Hexadecimal  [32-Bits]

Area                                    Addr        Size        Decimal Bytes (Attributes)
--------------------------------        ----        ----        ------- ----- ------------
_HEAP                               00001D14    00000000 =           0. bytes (REL,CON)

      Value  Global                              Global Defined In Module
      -----  --------------------------------   ------------------------
     00001D14  _HEAP_start                        

ASxxxx Linker V03.00 + NoICE + sdld,  page 9.

Files Linked                              [ module(s) ]

_temp_\out.rel                            [ main ]
..\..\toolchain\bin\crt0.rel              [  ]
..\..\toolchain\bin\sprinter.rel          [ sprinter ]

ASxxxx Linker V03.00 + NoICE + sdld,  page 10.

User Base Address Definitions

_CODE = 0x0006
_DATA = 0x0000

